2026-07-30 20:10:58.359 [background-preinit] INFO  [] o.h.validator.internal.util.Version - HV000001: Hibernate Validator 9.0.1.Final
2026-07-30 20:10:58.442 [main] INFO  [] c.rochak.payflow.PayflowApplication - Starting PayflowApplication using Java 21.0.10 with PID 35856 (C:\spring-projects\payflow\target\classes started by rocha in C:\spring-projects\payflow)
2026-07-30 20:10:58.442 [main] INFO  [] c.rochak.payflow.PayflowApplication - No active profile set, falling back to 1 default profile: "default"
2026-07-30 20:10:59.659 [main] INFO  [] o.s.d.r.c.RepositoryConfigurationDelegate - Multiple Spring Data modules found, entering strict repository configuration mode
2026-07-30 20:10:59.660 [main] INFO  [] o.s.d.r.c.RepositoryConfigurationDelegate - Bootstrapping Spring Data JPA repositories in DEFAULT mode.
2026-07-30 20:10:59.931 [main] INFO  [] o.s.d.r.c.RepositoryConfigurationExtensionSupport - Spring Data JPA - Could not safely identify store assignment for repository candidate interface com.rochak.payflow.repository.UserSessionRepository; If you want this repository to be a JPA repository, consider annotating your entities with one of these annotations: jakarta.persistence.Entity, jakarta.persistence.MappedSuperclass (preferred), or consider extending one of the following types with your repository: org.springframework.data.jpa.repository.JpaRepository
2026-07-30 20:10:59.968 [main] INFO  [] o.s.d.r.c.RepositoryConfigurationDelegate - Finished Spring Data repository scanning in 292 ms. Found 5 JPA repository interfaces.
2026-07-30 20:11:00.038 [main] INFO  [] o.s.d.r.c.RepositoryConfigurationDelegate - Multiple Spring Data modules found, entering strict repository configuration mode
2026-07-30 20:11:00.046 [main] INFO  [] o.s.d.r.c.RepositoryConfigurationDelegate - Bootstrapping Spring Data Redis repositories in DEFAULT mode.
2026-07-30 20:11:00.076 [main] INFO  [] o.s.d.r.c.RepositoryConfigurationExtensionSupport - Spring Data Redis - Could not safely identify store assignment for repository candidate interface com.rochak.payflow.repository.PaymentRepository; If you want this repository to be a Redis repository, consider annotating your entities with one of these annotations: org.springframework.data.redis.core.RedisHash (preferred), or consider extending one of the following types with your repository: org.springframework.data.keyvalue.repository.KeyValueRepository
2026-07-30 20:11:00.076 [main] INFO  [] o.s.d.r.c.RepositoryConfigurationExtensionSupport - Spring Data Redis - Could not safely identify store assignment for repository candidate interface com.rochak.payflow.repository.RefreshTokenRepository; If you want this repository to be a Redis repository, consider annotating your entities with one of these annotations: org.springframework.data.redis.core.RedisHash (preferred), or consider extending one of the following types with your repository: org.springframework.data.keyvalue.repository.KeyValueRepository
2026-07-30 20:11:00.076 [main] INFO  [] o.s.d.r.c.RepositoryConfigurationExtensionSupport - Spring Data Redis - Could not safely identify store assignment for repository candidate interface com.rochak.payflow.repository.TransactionRepository; If you want this repository to be a Redis repository, consider annotating your entities with one of these annotations: org.springframework.data.redis.core.RedisHash (preferred), or consider extending one of the following types with your repository: org.springframework.data.keyvalue.repository.KeyValueRepository
2026-07-30 20:11:00.076 [main] INFO  [] o.s.d.r.c.RepositoryConfigurationExtensionSupport - Spring Data Redis - Could not safely identify store assignment for repository candidate interface com.rochak.payflow.repository.UserRepository; If you want this repository to be a Redis repository, consider annotating your entities with one of these annotations: org.springframework.data.redis.core.RedisHash (preferred), or consider extending one of the following types with your repository: org.springframework.data.keyvalue.repository.KeyValueRepository
2026-07-30 20:11:00.078 [main] INFO  [] o.s.d.r.c.RepositoryConfigurationExtensionSupport - Spring Data Redis - Could not safely identify store assignment for repository candidate interface com.rochak.payflow.repository.WalletRepository; If you want this repository to be a Redis repository, consider annotating your entities with one of these annotations: org.springframework.data.redis.core.RedisHash (preferred), or consider extending one of the following types with your repository: org.springframework.data.keyvalue.repository.KeyValueRepository
2026-07-30 20:11:00.083 [main] INFO  [] o.s.d.r.c.RepositoryConfigurationDelegate - Finished Spring Data repository scanning in 21 ms. Found 1 Redis repository interface.
2026-07-30 20:11:01.078 [main] INFO  [] o.s.boot.tomcat.TomcatWebServer - Tomcat initialized with port 8080 (http)
2026-07-30 20:11:01.099 [main] INFO  [] o.a.coyote.http11.Http11NioProtocol - Initializing ProtocolHandler ["http-nio-8080"]
2026-07-30 20:11:01.105 [main] INFO  [] o.a.catalina.core.StandardService - Starting service [Tomcat]
2026-07-30 20:11:01.105 [main] INFO  [] o.a.catalina.core.StandardEngine - Starting Servlet engine: [Apache Tomcat/11.0.20]
2026-07-30 20:11:01.192 [main] INFO  [] o.s.b.w.c.s.WebApplicationContextInitializer - Root WebApplicationContext: initialization completed in 2671 ms
2026-07-30 20:11:01.428 [main] INFO  [] org.hibernate.orm.jpa - HHH008540: Processing PersistenceUnitInfo [name: default]
2026-07-30 20:11:01.547 [main] INFO  [] org.hibernate.orm.core - HHH000001: Hibernate ORM core version 7.2.7.Final
2026-07-30 20:11:02.346 [main] INFO  [] o.s.o.j.p.SpringPersistenceUnitInfo - No LoadTimeWeaver setup: ignoring JPA class transformer
2026-07-30 20:11:02.401 [main] INFO  [] com.zaxxer.hikari.HikariDataSource - HikariPool-1 - Starting...
2026-07-30 20:11:02.702 [main] INFO  [] com.zaxxer.hikari.pool.HikariPool - HikariPool-1 - Added connection org.postgresql.jdbc.PgConnection@7dc92a06
2026-07-30 20:11:02.705 [main] INFO  [] com.zaxxer.hikari.HikariDataSource - HikariPool-1 - Start completed.
2026-07-30 20:11:02.773 [main] WARN  [] org.hibernate.orm.deprecation - HHH90000025: PostgreSQLDialect does not need to be specified explicitly using 'hibernate.dialect' (remove the property setting and it will be selected by default)
2026-07-30 20:11:02.825 [main] INFO  [] o.hibernate.orm.connections.pooling - HHH10001005: Database info:
	Database JDBC URL [jdbc:postgresql://localhost:5432/mydb]
	Database driver: PostgreSQL JDBC Driver
	Database dialect: PostgreSQLDialect
	Database version: 15.17
	Default catalog/schema: mydb/public
	Autocommit mode: undefined/unknown
	Isolation level: READ_COMMITTED [default READ_COMMITTED]
	JDBC fetch size: none
	Pool: DataSourceConnectionProvider
	Minimum pool size: undefined/unknown
	Maximum pool size: undefined/unknown
2026-07-30 20:11:04.733 [main] INFO  [] org.hibernate.orm.core - HHH000489: No JTA platform available (set 'hibernate.transaction.jta.platform' to enable JTA platform integration)
2026-07-30 20:11:04.932 [main] INFO  [] o.s.o.j.LocalContainerEntityManagerFactoryBean - Initialized JPA EntityManagerFactory for persistence unit 'default'
2026-07-30 20:11:05.039 [main] INFO  [] o.s.d.j.r.q.QueryEnhancerFactories - Hibernate is in classpath; If applicable, HQL parser will be used.
2026-07-30 20:11:07.783 [main] WARN  [] o.s.b.j.a.JpaBaseConfiguration$JpaWebConfiguration - spring.jpa.open-in-view is enabled by default. Therefore, database queries may be performed during view rendering. Explicitly configure spring.jpa.open-in-view to disable this warning
2026-07-30 20:11:07.936 [main] INFO  [] o.s.s.c.a.a.c.InitializeUserDetailsBeanManagerConfigurer$InitializeUserDetailsManagerConfigurer - Global AuthenticationManager configured with UserDetailsService bean with name customUserServiceImpl
2026-07-30 20:11:08.786 [main] INFO  [] o.a.coyote.http11.Http11NioProtocol - Starting ProtocolHandler ["http-nio-8080"]
2026-07-30 20:11:08.812 [main] INFO  [] o.s.boot.tomcat.TomcatWebServer - Tomcat started on port 8080 (http) with context path '/'
2026-07-30 20:11:08.827 [main] INFO  [] c.rochak.payflow.PayflowApplication - Started PayflowApplication in 11.407 seconds (process running for 12.257)
2026-07-30 20:11:25.068 [http-nio-8080-exec-2] INFO  [] o.a.c.c.C.[Tomcat].[localhost].[/] - Initializing Spring DispatcherServlet 'dispatcherServlet'
2026-07-30 20:11:25.068 [http-nio-8080-exec-2] INFO  [] o.s.web.servlet.DispatcherServlet - Initializing Servlet 'dispatcherServlet'
2026-07-30 20:11:25.071 [http-nio-8080-exec-2] INFO  [] o.s.web.servlet.DispatcherServlet - Completed initialization in 3 ms
2026-07-30 20:11:25.298 [http-nio-8080-exec-2] INFO  [] c.r.p.service.impl.AuthServiceImpl - Login request recieved for email: elliewillams@gmail.com
2026-07-30 20:11:26.470 [http-nio-8080-exec-2] INFO  [] c.r.p.service.impl.AuthServiceImpl - Session created for user. UserId = 2, TokenId=com.rochak.payflow.session.UserSession@558fc736
2026-07-30 20:11:26.633 [http-nio-8080-exec-2] INFO  [] c.r.p.service.impl.AuthServiceImpl - Token generated successfully. UserId = 2, TokenId = eyJhbGciOiJIUzUxMiJ9.eyJzdWIiOiJlbGxpZXdpbGxhbXNAZ21haWwuY29tIiwicm9sZSI6IkFETUlOIiwiaWF0IjoxNzg1NDQyMjg2LCJleHAiOjE3ODU1Mjg2ODZ9.369UDnH2ZsezPbVZw69WtiKdw1zVF60-Vi8_GkfxIWWJQbJR6euvAvQB-Y_EchbGdf6slduqv8Ml69QwHolPVQ
2026-07-30 20:11:26.634 [http-nio-8080-exec-2] INFO  [] c.r.p.service.impl.AuthServiceImpl - Refresh Token generated successfully. UserId = 2, TokenId = eyJhbGciOiJIUzUxMiJ9.eyJzdWIiOiJlbGxpZXdpbGxhbXNAZ21haWwuY29tIiwianRpIjoiODJiNTA1MGEtYmI2ZS00Nzc0LWJhODEtNDJmNmFjYTRhYWVjIiwic2lkIjoiZjI5NjlhYTMtZmMzYy00MjA1LWE0NDQtNGE0ZDE2MjRkYTA5IiwiaWF0IjoxNzg1NDQyMjg2LCJleHAiOjE3ODYwNDcwODZ9.1-YlbZzJlhG4UGKZ8itOVKp4F7zfQ32ko-UW1cMg_NrjmwsPmA95JwkUg-hS0tab5GFkG-vEYN2DpZirfn7WZg
2026-07-30 20:12:06.129 [SpringApplicationShutdownHook] INFO  [] o.s.boot.tomcat.GracefulShutdown - Commencing graceful shutdown. Waiting for active requests to complete
2026-07-30 20:12:06.135 [tomcat-shutdown] INFO  [] o.s.boot.tomcat.GracefulShutdown - Graceful shutdown complete
2026-07-30 20:12:06.164 [SpringApplicationShutdownHook] INFO  [] o.s.o.j.LocalContainerEntityManagerFactoryBean - Closing JPA EntityManagerFactory for persistence unit 'default'
2026-07-30 20:12:06.174 [SpringApplicationShutdownHook] INFO  [] com.zaxxer.hikari.HikariDataSource - HikariPool-1 - Shutdown initiated...
2026-07-30 20:12:06.178 [SpringApplicationShutdownHook] INFO  [] com.zaxxer.hikari.HikariDataSource - HikariPool-1 - Shutdown completed.
2026-07-30 20:16:27.526 [background-preinit] INFO  [] o.h.validator.internal.util.Version - HV000001: Hibernate Validator 9.0.1.Final
2026-07-30 20:16:27.610 [main] INFO  [] c.rochak.payflow.PayflowApplication - Starting PayflowApplication using Java 21.0.10 with PID 25480 (C:\spring-projects\payflow\target\classes started by rocha in C:\spring-projects\payflow)
2026-07-30 20:16:27.610 [main] INFO  [] c.rochak.payflow.PayflowApplication - No active profile set, falling back to 1 default profile: "default"
2026-07-30 20:16:28.686 [main] INFO  [] o.s.d.r.c.RepositoryConfigurationDelegate - Multiple Spring Data modules found, entering strict repository configuration mode
2026-07-30 20:16:28.686 [main] INFO  [] o.s.d.r.c.RepositoryConfigurationDelegate - Bootstrapping Spring Data JPA repositories in DEFAULT mode.
2026-07-30 20:16:28.903 [main] INFO  [] o.s.d.r.c.RepositoryConfigurationExtensionSupport - Spring Data JPA - Could not safely identify store assignment for repository candidate interface com.rochak.payflow.repository.UserSessionRepository; If you want this repository to be a JPA repository, consider annotating your entities with one of these annotations: jakarta.persistence.Entity, jakarta.persistence.MappedSuperclass (preferred), or consider extending one of the following types with your repository: org.springframework.data.jpa.repository.JpaRepository
2026-07-30 20:16:28.943 [main] INFO  [] o.s.d.r.c.RepositoryConfigurationDelegate - Finished Spring Data repository scanning in 239 ms. Found 5 JPA repository interfaces.
2026-07-30 20:16:29.005 [main] INFO  [] o.s.d.r.c.RepositoryConfigurationDelegate - Multiple Spring Data modules found, entering strict repository configuration mode
2026-07-30 20:16:29.005 [main] INFO  [] o.s.d.r.c.RepositoryConfigurationDelegate - Bootstrapping Spring Data Redis repositories in DEFAULT mode.
2026-07-30 20:16:29.037 [main] INFO  [] o.s.d.r.c.RepositoryConfigurationExtensionSupport - Spring Data Redis - Could not safely identify store assignment for repository candidate interface com.rochak.payflow.repository.PaymentRepository; If you want this repository to be a Redis repository, consider annotating your entities with one of these annotations: org.springframework.data.redis.core.RedisHash (preferred), or consider extending one of the following types with your repository: org.springframework.data.keyvalue.repository.KeyValueRepository
2026-07-30 20:16:29.037 [main] INFO  [] o.s.d.r.c.RepositoryConfigurationExtensionSupport - Spring Data Redis - Could not safely identify store assignment for repository candidate interface com.rochak.payflow.repository.RefreshTokenRepository; If you want this repository to be a Redis repository, consider annotating your entities with one of these annotations: org.springframework.data.redis.core.RedisHash (preferred), or consider extending one of the following types with your repository: org.springframework.data.keyvalue.repository.KeyValueRepository
2026-07-30 20:16:29.037 [main] INFO  [] o.s.d.r.c.RepositoryConfigurationExtensionSupport - Spring Data Redis - Could not safely identify store assignment for repository candidate interface com.rochak.payflow.repository.TransactionRepository; If you want this repository to be a Redis repository, consider annotating your entities with one of these annotations: org.springframework.data.redis.core.RedisHash (preferred), or consider extending one of the following types with your repository: org.springframework.data.keyvalue.repository.KeyValueRepository
2026-07-30 20:16:29.037 [main] INFO  [] o.s.d.r.c.RepositoryConfigurationExtensionSupport - Spring Data Redis - Could not safely identify store assignment for repository candidate interface com.rochak.payflow.repository.UserRepository; If you want this repository to be a Redis repository, consider annotating your entities with one of these annotations: org.springframework.data.redis.core.RedisHash (preferred), or consider extending one of the following types with your repository: org.springframework.data.keyvalue.repository.KeyValueRepository
2026-07-30 20:16:29.037 [main] INFO  [] o.s.d.r.c.RepositoryConfigurationExtensionSupport - Spring Data Redis - Could not safely identify store assignment for repository candidate interface com.rochak.payflow.repository.WalletRepository; If you want this repository to be a Redis repository, consider annotating your entities with one of these annotations: org.springframework.data.redis.core.RedisHash (preferred), or consider extending one of the following types with your repository: org.springframework.data.keyvalue.repository.KeyValueRepository
2026-07-30 20:16:29.049 [main] INFO  [] o.s.d.r.c.RepositoryConfigurationDelegate - Finished Spring Data repository scanning in 25 ms. Found 1 Redis repository interface.
2026-07-30 20:16:30.072 [main] INFO  [] o.s.boot.tomcat.TomcatWebServer - Tomcat initialized with port 8080 (http)
2026-07-30 20:16:30.092 [main] INFO  [] o.a.coyote.http11.Http11NioProtocol - Initializing ProtocolHandler ["http-nio-8080"]
2026-07-30 20:16:30.097 [main] INFO  [] o.a.catalina.core.StandardService - Starting service [Tomcat]
2026-07-30 20:16:30.097 [main] INFO  [] o.a.catalina.core.StandardEngine - Starting Servlet engine: [Apache Tomcat/11.0.20]
2026-07-30 20:16:30.191 [main] INFO  [] o.s.b.w.c.s.WebApplicationContextInitializer - Root WebApplicationContext: initialization completed in 2505 ms
2026-07-30 20:16:30.396 [main] INFO  [] org.hibernate.orm.jpa - HHH008540: Processing PersistenceUnitInfo [name: default]
2026-07-30 20:16:30.483 [main] INFO  [] org.hibernate.orm.core - HHH000001: Hibernate ORM core version 7.2.7.Final
2026-07-30 20:16:31.147 [main] INFO  [] o.s.o.j.p.SpringPersistenceUnitInfo - No LoadTimeWeaver setup: ignoring JPA class transformer
2026-07-30 20:16:31.199 [main] INFO  [] com.zaxxer.hikari.HikariDataSource - HikariPool-1 - Starting...
2026-07-30 20:16:31.450 [main] INFO  [] com.zaxxer.hikari.pool.HikariPool - HikariPool-1 - Added connection org.postgresql.jdbc.PgConnection@2ed35f24
2026-07-30 20:16:31.452 [main] INFO  [] com.zaxxer.hikari.HikariDataSource - HikariPool-1 - Start completed.
2026-07-30 20:16:31.492 [main] WARN  [] org.hibernate.orm.deprecation - HHH90000025: PostgreSQLDialect does not need to be specified explicitly using 'hibernate.dialect' (remove the property setting and it will be selected by default)
2026-07-30 20:16:31.534 [main] INFO  [] o.hibernate.orm.connections.pooling - HHH10001005: Database info:
	Database JDBC URL [jdbc:postgresql://localhost:5432/mydb]
	Database driver: PostgreSQL JDBC Driver
	Database dialect: PostgreSQLDialect
	Database version: 15.17
	Default catalog/schema: mydb/public
	Autocommit mode: undefined/unknown
	Isolation level: READ_COMMITTED [default READ_COMMITTED]
	JDBC fetch size: none
	Pool: DataSourceConnectionProvider
	Minimum pool size: undefined/unknown
	Maximum pool size: undefined/unknown
2026-07-30 20:16:33.068 [main] INFO  [] org.hibernate.orm.core - HHH000489: No JTA platform available (set 'hibernate.transaction.jta.platform' to enable JTA platform integration)
2026-07-30 20:16:33.183 [main] INFO  [] o.s.o.j.LocalContainerEntityManagerFactoryBean - Initialized JPA EntityManagerFactory for persistence unit 'default'
2026-07-30 20:16:33.268 [main] INFO  [] o.s.d.j.r.q.QueryEnhancerFactories - Hibernate is in classpath; If applicable, HQL parser will be used.
2026-07-30 20:16:35.674 [main] WARN  [] o.s.b.j.a.JpaBaseConfiguration$JpaWebConfiguration - spring.jpa.open-in-view is enabled by default. Therefore, database queries may be performed during view rendering. Explicitly configure spring.jpa.open-in-view to disable this warning
2026-07-30 20:16:35.830 [main] INFO  [] o.s.s.c.a.a.c.InitializeUserDetailsBeanManagerConfigurer$InitializeUserDetailsManagerConfigurer - Global AuthenticationManager configured with UserDetailsService bean with name customUserServiceImpl
2026-07-30 20:16:36.662 [main] INFO  [] o.a.coyote.http11.Http11NioProtocol - Starting ProtocolHandler ["http-nio-8080"]
2026-07-30 20:16:36.689 [main] INFO  [] o.s.boot.tomcat.TomcatWebServer - Tomcat started on port 8080 (http) with context path '/'
2026-07-30 20:16:36.705 [main] INFO  [] c.rochak.payflow.PayflowApplication - Started PayflowApplication in 9.97 seconds (process running for 10.609)
2026-07-30 20:16:40.917 [http-nio-8080-exec-2] INFO  [] o.a.c.c.C.[Tomcat].[localhost].[/] - Initializing Spring DispatcherServlet 'dispatcherServlet'
2026-07-30 20:16:40.918 [http-nio-8080-exec-2] INFO  [] o.s.web.servlet.DispatcherServlet - Initializing Servlet 'dispatcherServlet'
2026-07-30 20:16:40.919 [http-nio-8080-exec-2] INFO  [] o.s.web.servlet.DispatcherServlet - Completed initialization in 1 ms
2026-07-30 20:16:41.115 [http-nio-8080-exec-2] INFO  [] c.r.p.service.impl.AuthServiceImpl - Login request recieved for email: elliewillams@gmail.com
2026-07-30 20:16:42.134 [http-nio-8080-exec-2] INFO  [] c.r.p.service.impl.AuthServiceImpl - Session created for user. UserId = 2, TokenId=com.rochak.payflow.session.UserSession@17764d57
2026-07-30 20:16:42.283 [http-nio-8080-exec-2] INFO  [] c.r.p.service.impl.AuthServiceImpl - Token generated successfully. UserId = 2, TokenId = eyJhbGciOiJIUzUxMiJ9.eyJzdWIiOiJlbGxpZXdpbGxhbXNAZ21haWwuY29tIiwicm9sZSI6IkFETUlOIiwiaWF0IjoxNzg1NDQyNjAyLCJleHAiOjE3ODU1MjkwMDJ9.uvI9LNbzybZepI2kwxJVzujJIGftkeT506o9AI94QrDhDf8U43fZbX3sgezRdLe0uoYqoF63DFGFT7D9Nh4NBw
2026-07-30 20:16:42.284 [http-nio-8080-exec-2] INFO  [] c.r.p.service.impl.AuthServiceImpl - Refresh Token generated successfully. UserId = 2, TokenId = eyJhbGciOiJIUzUxMiJ9.eyJzdWIiOiJlbGxpZXdpbGxhbXNAZ21haWwuY29tIiwianRpIjoiYjUyZmQ4OTctYmRjOC00MmJjLWE3Y2ItMjUyNTA2MTAxMTY2Iiwic2lkIjoiYzQ1MjRjYmYtMzdlZi00ODRlLTk3YzEtMzIxZmVhNTk5ZjAzIiwiaWF0IjoxNzg1NDQyNjAyLCJleHAiOjE3ODYwNDc0MDJ9.fddm2VYSAk8qAo36UJf2CFoZAE1_dAW-QwIMeIWnG_1MkWw-_uiD-Mo-pbiwtlrVnn5G5LbVVM_bwS66ttu20A
2026-07-30 20:17:11.177 [SpringApplicationShutdownHook] INFO  [] o.s.boot.tomcat.GracefulShutdown - Commencing graceful shutdown. Waiting for active requests to complete
2026-07-30 20:17:11.185 [tomcat-shutdown] INFO  [] o.s.boot.tomcat.GracefulShutdown - Graceful shutdown complete
2026-07-30 20:17:11.215 [SpringApplicationShutdownHook] INFO  [] o.s.o.j.LocalContainerEntityManagerFactoryBean - Closing JPA EntityManagerFactory for persistence unit 'default'
2026-07-30 20:17:11.215 [SpringApplicationShutdownHook] INFO  [] com.zaxxer.hikari.HikariDataSource - HikariPool-1 - Shutdown initiated...
2026-07-30 20:17:11.221 [SpringApplicationShutdownHook] INFO  [] com.zaxxer.hikari.HikariDataSource - HikariPool-1 - Shutdown completed.
